// Jest Snapshot v1, https://goo.gl/fbAQLP

exports[`m-emitter.vue Demo- 1`] = `<div>这个例子中，该组件给上级添加了蓝色阴影。</div>`;
