// Jest Snapshot v1, https://goo.gl/fbAQLP

exports[`m-modal.vue Demo-基本用法 1`] = `<div></div>`;
